// Jest Snapshot v1, https://goo.gl/fbAQLP

exports[`Button component matches snapshot with default props 1`] = `
<View
  accessibilityState={
    {
      "busy": undefined,
      "checked": undefined,
      "disabled": false,
      "expanded": undefined,
      "selected": undefined,
    }
  }
  accessibilityValue={
    {
      "max": undefined,
      "min": undefined,
      "now": undefined,
      "text": undefined,
    }
  }
  accessible={true}
  collapsable={false}
  focusable={true}
  onClick={[Function]}
  onResponderGrant={[Function]}
  onResponderMove={[Function]}
  onResponderRelease={[Function]}
  onResponderTerminate={[Function]}
  onResponderTerminationRequest={[Function]}
  onStartShouldSetResponder={[Function]}
  style={
    {
      "backgroundColor": "#00AFF0",
      "borderRadius": 8,
      "flex": 0,
      "justifyContent": "center",
      "opacity": 1,
      "padding": 8,
    }
  }
>
  <Text
    style={
      {
        "color": "#FFFFFF",
        "fontFamily": "PixeloidMono",
        "fontSize": 16,
        "textAlign": "center",
      }
    }
  >
    Button Text
  </Text>
</View>
`;
