// Jest Snapshot v1, https://goo.gl/fbAQLP

exports[`Evolution component matches snapshot 1`] = `
<View
  collapsable={false}
  style={
    {
      "backgroundColor": "black",
      "flex": 1,
      "height": "100%",
      "opacity": 1,
      "position": "absolute",
      "width": "100%",
    }
  }
>
  <View
    style={
      {
        "flex": 1,
        "height": "100%",
        "position": "absolute",
        "width": "100%",
      }
    }
  >
    <View
      style={
        {
          "alignItems": "center",
          "alignSelf": "center",
          "flex": 1,
          "justifyContent": "center",
        }
      }
    >
      <View
        style={
          [
            {
              "overflow": "hidden",
            },
            {
              "height": 300,
              "width": 300,
            },
          ]
        }
      >
        <FastImageView
          defaultSource={
            {
              "testUri": "../../../assets/images/default_image_loading.png",
            }
          }
          resizeMode="contain"
          style={
            {
              "bottom": 0,
              "left": 0,
              "position": "absolute",
              "right": 0,
              "top": 0,
            }
          }
        />
      </View>
      <Text
        style={
          [
            {
              "color": "#FFFFFF",
              "fontFamily": "PixeloidMono",
              "fontSize": 24,
              "fontWeight": "normal",
              "textAlign": "left",
              "textTransform": "capitalize",
            },
          ]
        }
      >
        Pikachu
      </Text>
    </View>
  </View>
  <View
    collapsable={false}
    style={
      {
        "flex": 1,
        "height": "100%",
        "opacity": 1,
        "position": "absolute",
        "width": "100%",
      }
    }
  >
    <View
      style={
        {
          "alignItems": "center",
          "alignSelf": "center",
          "flex": 1,
          "justifyContent": "center",
        }
      }
    >
      <View
        style={
          [
            {
              "overflow": "hidden",
            },
            {
              "height": 500,
              "width": 500,
            },
          ]
        }
      >
        <FastImageView
          defaultSource={null}
          resizeMode="contain"
          style={
            {
              "bottom": 0,
              "left": 0,
              "position": "absolute",
              "right": 0,
              "top": 0,
            }
          }
        />
      </View>
    </View>
  </View>
</View>
`;
